I'm sorry, but errors were detected in your script. Please correct the
errors listed below, and try again.


File "game/script.rpy", line 340: end of line expected.
    with fade, wipedown
             ^

Ren'Py Version: Ren'Py 6.99.14.1.3218
Sat Apr 21 20:39:30 2018
